
=== daily_refresh 2026-07-31 14:52 ===
  발송됨·회신 미표시: 373건 조회

=== daily_refresh 2026-07-31 14:54 ===
  발송됨·회신 미표시: 373건 조회

  회신 0건
[sync_replies] exit=0
■ 최근 7일 반송 메일 조회 중…
  반송 없음 ✅
[collect_bounces] exit=0
■ 후보 10건 (적합 · 제외 없음 · 미발송 · 미예정)
  링크 정상·확인필요 10 · 응답없음 0

    11 ATS                  높음    정상              
       개인화: 헤어 텍스처와 두피 상태 변화를 루틴 콘텐츠로 풀어가는 분들이 ATS와 잘 맞을 것 같습니다.
    12 AZH                  높음    정상              
       개인화: 헤어케어와 스킨케어를 함께 다루는 토탈 뷰티 루틴 콘텐츠를 운영하는 분들이, AZH 브랜드와 어울린다고 생각합니다.
    13 Age20's              높음    정상              
       개인화: Age20's에 어울리는 인플루언서는, 쿠션 파운데이션의 커버력과 발색을 데일리 메이크업 속에서 자연스럽게 보여줄 수 있는 분들이
    14 BOM                  높음    정상              
       개인화: 틴트·아이브로우 등 데일리 메이크업을 착장과 함께 보여주는 분들이 BOM의 색조 라인과 잘 어울린다고 생각합니다.
    15 CLIO                 높음    정상              
       개인화: 아이라이너·립 등 포인트 색조를 즐겨 다루는 분들이라면, CLIO의 제품 라인을 메이크업 무드 안에서 자연스럽게 녹여낼 수 있을 
    17 EBBM                 높음    정상              
       개인화: 순한 성분과 피부 장벽 케어를 중심으로, 기초 루틴을 꾸준한 관리의 관점에서 소개하시는 스킨케어 크리에이터분들과 잘 맞을 것 같습
    18 GIK                  높음    정상              
       개인화: 수분과 진정 케어를 일상 스킨케어로 담담하게 기록하는 콘텐츠 스타일의 분들이, GIK와 결이 맞을 것 같습니다.
    19 LBB                  높음    정상              
       개인화: 립과 블러셔처럼 착장 포인트가 되는 아이템은 코디 콘텐츠에서 빛을 발하다 보니, 메이크업을 스타일링의 일부로 다루는 분들이 LBB
    20 LIFE 4.0             높음    정상              
       개인화: LIFE 4.0에는, 모발 상태의 변화를 루틴과 함께 꾸준히 기록하는 헤어케어 콘텐츠 크리에이터가 잘 맞을 것 같습니다.
    21 MATRIGEN             높음    정상              
       개인화: 탄력·항노화 스킨케어는 시간을 두고 변화를 기록해 주시는 분들이 전달력이 높다 보니, MATRIGEN에는 피부 관리 루틴을 꾸준히

  시트 반영: 예정일 10건 · 링크 점검 10건

  시트 필터뷰 '오늘 발송' 이 2026-07-31 로 맞춰졌습니다.
  → 시트 우상단 필터 아이콘 ▾ → '오늘 발송' 선택하면 그날 것만 보입니다.
  → 확인 후 문제 있으면 적합도를 '부적합' 으로 바꾸세요. 그대로 두면 발송 대상입니다.
[prepare_daily] exit=0
오늘: 입장 0회 · 누적 20곳 · 회신 1
스탬프 완료
[2026-07-31 14:57:12] exit=0

